// Jest Snapshot v1, https://goo.gl/fbAQLP

exports[`Component With Apollo renders async: Rendered 1`] = `
<ul>
  <li>
    Fail
  </li>
  <li>
    Tomas
  </li>
  <li>
    Valeria
  </li>
</ul>
`;

exports[`Component With Apollo renders: Loading 1`] = `
<div>
  Loading ...
</div>
`;

exports[`Component With Apollo renders: Rendered 1`] = `
<ul>
  <li>
    Fail
  </li>
  <li>
    Tomas
  </li>
  <li>
    Valeria
  </li>
</ul>
`;
